[voice-bench] Installing / verifying dependencies…
[voice-bench] Starting daemon…
[voice-bench] Installing / verifying dependencies…
[voice-bench] Starting daemon…
[voice-bench] Installing / verifying dependencies…
[voice-bench] Starting daemon…
[voice-bench] Installing / verifying dependencies…
[voice-bench] Starting daemon…
[voice-bench] Installing / verifying dependencies…
[voice-bench] Starting daemon…
[voice-bench] Loaded 249 existing entries from CSV
[voice-bench] Tailing whisper log: /Users/media/containers/home-automation/wyoming-whisperkit/log/whisper.log  (offset=10433)
[voice-bench] Installing / verifying dependencies…
[voice-bench] Starting daemon…
[voice-bench] Loaded 249 existing entries from CSV
[voice-bench] Tailing whisper log: /Users/media/containers/home-automation/wyoming-whisperkit/log/whisper.log  (offset=10433)
[voice-bench] Installing / verifying dependencies…
[voice-bench] Starting daemon…
[voice-bench] Loaded 249 existing entries from CSV
[voice-bench] Tailing whisper log: /Users/media/containers/home-automation/wyoming-whisperkit/log/whisper.log  (offset=10433)
[voice-bench] Installing / verifying dependencies…
[voice-bench] Starting daemon…
[voice-bench] Installing / verifying dependencies…
[voice-bench] Starting daemon…
[voice-bench] Loaded 249 existing entries from CSV
[voice-bench] Tailing whisper log: /Users/media/containers/home-automation/wyoming-whisperkit/log/whisper.log  (offset=10433)
[voice-bench] Installing / verifying dependencies…
[voice-bench] Starting daemon…
[voice-bench] Loaded 249 existing entries from CSV
[voice-bench] Tailing whisper log: /Users/media/containers/home-automation/wyoming-whisperkit/log/whisper.log  (offset=10433)
[voice-bench] Installing / verifying dependencies…
[voice-bench] Starting daemon…
[voice-bench] Loaded 249 existing entries from CSV
[voice-bench] Tailing whisper log: /Users/media/containers/home-automation/wyoming-whisperkit/log/whisper.log  (offset=10433)
[voice-bench] Installing / verifying dependencies…
[voice-bench] Starting daemon…
[voice-bench] Loaded 249 existing entries from CSV
[voice-bench] Tailing whisper log: /Users/media/containers/home-automation/wyoming-whisperkit/log/whisper.log  (offset=10433)
[voice-bench] Installing / verifying dependencies…
[voice-bench] Starting daemon…
[voice-bench] Loaded 249 existing entries from CSV
[voice-bench] Tailing whisper log: /Users/media/containers/home-automation/wyoming-whisperkit/log/whisper.log  (offset=10433)
[voice-bench] Installing / verifying dependencies…
[voice-bench] Starting daemon…
[voice-bench] Installing / verifying dependencies…
[voice-bench] Starting daemon…
[voice-bench] Installing / verifying dependencies…
[voice-bench] Starting daemon…
[voice-bench] Installing / verifying dependencies…
[voice-bench] Starting daemon…
[voice-bench] Installing / verifying dependencies…
[voice-bench] Starting daemon…
[voice-bench] Installing / verifying dependencies…
[voice-bench] Starting daemon…
[voice-bench] Installing / verifying dependencies…
[voice-bench] Starting daemon…
[voice-bench] Installing / verifying dependencies…
[voice-bench] Starting daemon…
[voice-bench] Installing / verifying dependencies…
[voice-bench] Starting daemon…
[voice-bench] Installing / verifying dependencies…
[voice-bench] Starting daemon…
[voice-bench] Installing / verifying dependencies…
[voice-bench] Starting daemon…
[voice-bench] Installing / verifying dependencies…
[voice-bench] Starting daemon…
[voice-bench] venv ready, skipping pip.
[voice-bench] Starting daemon…
[voice-bench] venv ready, skipping pip.
[voice-bench] Starting daemon…
[voice-bench] venv ready, skipping pip.
[voice-bench] Starting daemon…
[voice-bench] venv ready, skipping pip.
[voice-bench] Starting daemon…
[voice-bench] venv ready, skipping pip.
[voice-bench] Starting daemon…
[voice-bench] venv ready, skipping pip.
[voice-bench] Starting daemon…
[voice-bench] venv ready, skipping pip.
[voice-bench] Starting daemon…
[voice-bench] venv ready, skipping pip.
[voice-bench] Starting daemon…
[voice-bench] venv ready, skipping pip.
[voice-bench] Starting daemon…
